0 verbose cli /data/data/com.termux/files/usr/bin/node /data/data/com.termux/files/usr/bin/npm
1 info using npm@11.16.0
2 info using node@v26.2.0
3 silly config load:file:/data/data/com.termux/files/usr/lib/node_modules/npm/npmrc
4 silly config load:file:/data/data/com.termux/files/home/bot-wa/.npmrc
5 silly config load:file:/data/data/com.termux/files/home/.npmrc
6 silly config load:file:/data/data/com.termux/files/usr/etc/npmrc
7 verbose title npm install @whiskeysockets/baileys
8 verbose argv "install" "@whiskeysockets/baileys"
9 verbose logfile logs-max:10 dir:/data/data/com.termux/files/home/.npm/_logs/2026-05-30T08_53_03_205Z-
10 verbose logfile /data/data/com.termux/files/home/.npm/_logs/2026-05-30T08_53_03_205Z-debug-0.log
11 silly logfile done cleaning log files
12 silly packumentCache heap:844103680 maxSize:211025920 maxEntrySize:105512960
13 silly idealTree buildDeps
14 silly fetch manifest @whiskeysockets/baileys@*
15 silly packumentCache full:https://registry.npmjs.org/@whiskeysockets%2fbaileys cache-miss
16 http fetch GET 200 https://registry.npmjs.org/@whiskeysockets%2fbaileys 982ms (cache miss)
17 silly packumentCache full:https://registry.npmjs.org/@whiskeysockets%2fbaileys set size:undefined disposed:false
18 silly fetch manifest audio-decode@^2.1.3
19 silly packumentCache full:https://registry.npmjs.org/audio-decode cache-miss
20 http fetch GET 200 https://registry.npmjs.org/audio-decode 271ms (cache miss)
21 silly packumentCache full:https://registry.npmjs.org/audio-decode set size:undefined disposed:false
22 silly fetch manifest jimp@^1.6.1
23 silly packumentCache full:https://registry.npmjs.org/jimp cache-miss
24 http fetch GET 200 https://registry.npmjs.org/jimp 815ms (cache miss)
25 silly packumentCache full:https://registry.npmjs.org/jimp set size:undefined disposed:false
26 silly fetch manifest link-preview-js@^3.0.0
27 silly packumentCache full:https://registry.npmjs.org/link-preview-js cache-miss
28 http fetch GET 200 https://registry.npmjs.org/link-preview-js 252ms (cache miss)
29 silly packumentCache full:https://registry.npmjs.org/link-preview-js set size:undefined disposed:false
30 silly fetch manifest sharp@*
31 silly packumentCache full:https://registry.npmjs.org/sharp cache-miss
32 http fetch GET 200 https://registry.npmjs.org/sharp 1901ms (cache miss)
33 silly packumentCache full:https://registry.npmjs.org/sharp set size:undefined disposed:false
34 silly placeDep ROOT @whiskeysockets/baileys@7.0.0-rc13 OK for: bot-wa@1.0.0 want: *
35 silly placeDep ROOT sharp@0.34.5 OK for: @whiskeysockets/baileys@7.0.0-rc13 want: *
36 silly fetch manifest ws@^8.13.0
37 silly packumentCache full:https://registry.npmjs.org/ws cache-miss
38 silly fetch manifest pino@^9.6
39 silly packumentCache full:https://registry.npmjs.org/pino cache-miss
40 silly fetch manifest p-queue@^9.0.0
41 silly packumentCache full:https://registry.npmjs.org/p-queue cache-miss
42 silly fetch manifest libsignal@^6.0.0
43 silly packumentCache full:https://registry.npmjs.org/libsignal cache-miss
44 silly fetch manifest lru-cache@^11.1.0
45 silly packumentCache full:https://registry.npmjs.org/lru-cache cache-miss
46 silly fetch manifest @hapi/boom@^9.1.3
47 silly packumentCache full:https://registry.npmjs.org/@hapi%2fboom cache-miss
48 silly fetch manifest protobufjs@^7.5.6
49 silly packumentCache full:https://registry.npmjs.org/protobufjs cache-miss
50 http cache https://registry.npmjs.org/pino 207ms (cache hit)
51 silly packumentCache full:https://registry.npmjs.org/pino set size:1274379 disposed:false
52 silly fetch manifest async-mutex@^0.5.0
53 silly packumentCache full:https://registry.npmjs.org/async-mutex cache-miss
54 http fetch GET 200 https://registry.npmjs.org/ws 515ms (cache miss)
55 silly packumentCache full:https://registry.npmjs.org/ws set size:undefined disposed:false
56 silly fetch manifest music-metadata@^11.12.3
57 silly packumentCache full:https://registry.npmjs.org/music-metadata cache-miss
58 http fetch GET 200 https://registry.npmjs.org/@hapi%2fboom 2630ms (cache miss)
59 silly packumentCache full:https://registry.npmjs.org/@hapi%2fboom set size:undefined disposed:false
60 silly fetch manifest whatsapp-rust-bridge@0.5.4
61 silly packumentCache full:https://registry.npmjs.org/whatsapp-rust-bridge cache-miss
62 http fetch GET 200 https://registry.npmjs.org/p-queue 2803ms (cache miss)
63 silly packumentCache full:https://registry.npmjs.org/p-queue set size:undefined disposed:false
64 silly fetch manifest @cacheable/node-cache@^1.4.0
65 silly packumentCache full:https://registry.npmjs.org/@cacheable%2fnode-cache cache-miss
66 http fetch GET 200 https://registry.npmjs.org/whatsapp-rust-bridge 430ms (cache miss)
67 silly packumentCache full:https://registry.npmjs.org/whatsapp-rust-bridge set size:undefined disposed:false
68 silly fetch manifest semver@^7.7.3
69 silly packumentCache full:https://registry.npmjs.org/semver cache-miss
70 http fetch GET 200 https://registry.npmjs.org/protobufjs 3125ms (cache miss)
71 silly packumentCache full:https://registry.npmjs.org/protobufjs set size:undefined disposed:false
72 silly fetch manifest @img/colour@^1.0.0
73 silly packumentCache full:https://registry.npmjs.org/@img%2fcolour cache-miss
74 http fetch GET 200 https://registry.npmjs.org/@cacheable%2fnode-cache 480ms (cache miss)
75 silly packumentCache full:https://registry.npmjs.org/@cacheable%2fnode-cache set size:undefined disposed:false
76 silly fetch manifest detect-libc@^2.1.2
77 silly packumentCache full:https://registry.npmjs.org/detect-libc cache-miss
78 http fetch GET 200 https://registry.npmjs.org/@img%2fcolour 378ms (cache miss)
79 silly packumentCache full:https://registry.npmjs.org/@img%2fcolour set size:undefined disposed:false
80 silly fetch manifest @img/sharp-wasm32@0.34.5
81 silly packumentCache full:https://registry.npmjs.org/@img%2fsharp-wasm32 cache-miss
82 http fetch GET 200 https://registry.npmjs.org/detect-libc 371ms (cache miss)
83 silly packumentCache full:https://registry.npmjs.org/detect-libc set size:undefined disposed:false
84 silly fetch manifest @img/sharp-linux-arm@0.34.5
85 silly packumentCache full:https://registry.npmjs.org/@img%2fsharp-linux-arm cache-miss
86 http fetch GET 200 https://registry.npmjs.org/music-metadata 3226ms (cache miss)
87 silly packumentCache full:https://registry.npmjs.org/music-metadata set size:undefined disposed:false
88 silly fetch manifest @img/sharp-linux-x64@0.34.5
89 silly packumentCache full:https://registry.npmjs.org/@img%2fsharp-linux-x64 cache-miss
90 http fetch GET 200 https://registry.npmjs.org/async-mutex 3705ms (cache miss)
91 silly packumentCache full:https://registry.npmjs.org/async-mutex set size:undefined disposed:false
92 silly fetch manifest @img/sharp-win32-x64@0.34.5
93 silly packumentCache full:https://registry.npmjs.org/@img%2fsharp-win32-x64 cache-miss
94 http fetch GET 200 https://registry.npmjs.org/@img%2fsharp-wasm32 530ms (cache miss)
95 silly packumentCache full:https://registry.npmjs.org/@img%2fsharp-wasm32 set size:undefined disposed:false
96 silly fetch manifest @img/sharp-darwin-x64@0.34.5
97 silly packumentCache full:https://registry.npmjs.org/@img%2fsharp-darwin-x64 cache-miss
98 http fetch GET 200 https://registry.npmjs.org/@img%2fsharp-linux-arm 486ms (cache miss)
99 silly packumentCache full:https://registry.npmjs.org/@img%2fsharp-linux-arm set size:undefined disposed:false
100 silly fetch manifest @img/sharp-win32-ia32@0.34.5
101 silly packumentCache full:https://registry.npmjs.org/@img%2fsharp-win32-ia32 cache-miss
102 http fetch GET 200 https://registry.npmjs.org/lru-cache 4230ms (cache miss)
103 silly packumentCache full:https://registry.npmjs.org/lru-cache set size:undefined disposed:false
104 silly fetch manifest @img/sharp-linux-arm64@0.34.5
105 silly packumentCache full:https://registry.npmjs.org/@img%2fsharp-linux-arm64 cache-miss
106 http fetch GET 200 https://registry.npmjs.org/@img%2fsharp-linux-x64 447ms (cache miss)
107 silly packumentCache full:https://registry.npmjs.org/@img%2fsharp-linux-x64 set size:undefined disposed:false
108 silly fetch manifest @img/sharp-linux-ppc64@0.34.5
109 silly packumentCache full:https://registry.npmjs.org/@img%2fsharp-linux-ppc64 cache-miss
110 http fetch GET 200 https://registry.npmjs.org/libsignal 4406ms (cache miss)
111 silly packumentCache full:https://registry.npmjs.org/libsignal set size:undefined disposed:false
112 silly fetch manifest @img/sharp-linux-s390x@0.34.5
113 silly packumentCache full:https://registry.npmjs.org/@img%2fsharp-linux-s390x cache-miss
114 http fetch GET 200 https://registry.npmjs.org/@img%2fsharp-win32-x64 342ms (cache miss)
115 silly packumentCache full:https://registry.npmjs.org/@img%2fsharp-win32-x64 set size:undefined disposed:false
116 silly fetch manifest @img/sharp-win32-arm64@0.34.5
117 silly packumentCache full:https://registry.npmjs.org/@img%2fsharp-win32-arm64 cache-miss
118 http fetch GET 200 https://registry.npmjs.org/@img%2fsharp-darwin-x64 317ms (cache miss)
119 silly packumentCache full:https://registry.npmjs.org/@img%2fsharp-darwin-x64 set size:undefined disposed:false
120 silly fetch manifest @img/sharp-darwin-arm64@0.34.5
121 silly packumentCache full:https://registry.npmjs.org/@img%2fsharp-darwin-arm64 cache-miss
122 http fetch GET 200 https://registry.npmjs.org/@img%2fsharp-win32-ia32 311ms (cache miss)
123 silly packumentCache full:https://registry.npmjs.org/@img%2fsharp-win32-ia32 set size:undefined disposed:false
124 silly fetch manifest @img/sharp-linux-riscv64@0.34.5
125 silly packumentCache full:https://registry.npmjs.org/@img%2fsharp-linux-riscv64 cache-miss
126 http fetch GET 200 https://registry.npmjs.org/@img%2fsharp-linux-arm64 266ms (cache miss)
127 silly packumentCache full:https://registry.npmjs.org/@img%2fsharp-linux-arm64 set size:undefined disposed:false
128 silly fetch manifest @img/sharp-linuxmusl-x64@0.34.5
129 silly packumentCache full:https://registry.npmjs.org/@img%2fsharp-linuxmusl-x64 cache-miss
130 http fetch GET 200 https://registry.npmjs.org/@img%2fsharp-linux-ppc64 268ms (cache miss)
131 silly packumentCache full:https://registry.npmjs.org/@img%2fsharp-linux-ppc64 set size:undefined disposed:false
132 silly fetch manifest @img/sharp-linuxmusl-arm64@0.34.5
133 silly packumentCache full:https://registry.npmjs.org/@img%2fsharp-linuxmusl-arm64 cache-miss
134 http fetch GET 200 https://registry.npmjs.org/@img%2fsharp-win32-arm64 228ms (cache miss)
135 silly packumentCache full:https://registry.npmjs.org/@img%2fsharp-win32-arm64 set size:undefined disposed:false
136 silly fetch manifest @img/sharp-libvips-linux-arm@1.2.4
137 silly packumentCache full:https://registry.npmjs.org/@img%2fsharp-libvips-linux-arm cache-miss
138 http fetch GET 200 https://registry.npmjs.org/@img%2fsharp-linux-s390x 268ms (cache miss)
139 silly packumentCache full:https://registry.npmjs.org/@img%2fsharp-linux-s390x set size:undefined disposed:false
140 silly fetch manifest @img/sharp-libvips-linux-x64@1.2.4
141 silly packumentCache full:https://registry.npmjs.org/@img%2fsharp-libvips-linux-x64 cache-miss
142 http fetch GET 200 https://registry.npmjs.org/semver 1663ms (cache miss)
143 silly packumentCache full:https://registry.npmjs.org/semver set size:undefined disposed:false
144 silly fetch manifest @img/sharp-libvips-darwin-x64@1.2.4
145 silly packumentCache full:https://registry.npmjs.org/@img%2fsharp-libvips-darwin-x64 cache-miss
146 http fetch GET 200 https://registry.npmjs.org/@img%2fsharp-linux-riscv64 316ms (cache miss)
147 silly packumentCache full:https://registry.npmjs.org/@img%2fsharp-linux-riscv64 set size:undefined disposed:false
148 silly fetch manifest @img/sharp-libvips-linux-arm64@1.2.4
149 silly packumentCache full:https://registry.npmjs.org/@img%2fsharp-libvips-linux-arm64 cache-miss
150 http fetch GET 200 https://registry.npmjs.org/@img%2fsharp-darwin-arm64 395ms (cache miss)
151 silly packumentCache full:https://registry.npmjs.org/@img%2fsharp-darwin-arm64 set size:undefined disposed:false
152 silly fetch manifest @img/sharp-libvips-linux-ppc64@1.2.4
153 silly packumentCache full:https://registry.npmjs.org/@img%2fsharp-libvips-linux-ppc64 cache-miss
154 http fetch GET 200 https://registry.npmjs.org/@img%2fsharp-linuxmusl-x64 377ms (cache miss)
155 silly packumentCache full:https://registry.npmjs.org/@img%2fsharp-linuxmusl-x64 set size:undefined disposed:false
156 silly fetch manifest @img/sharp-libvips-linux-s390x@1.2.4
157 silly packumentCache full:https://registry.npmjs.org/@img%2fsharp-libvips-linux-s390x cache-miss
158 http fetch GET 200 https://registry.npmjs.org/@img%2fsharp-linuxmusl-arm64 325ms (cache miss)
159 silly packumentCache full:https://registry.npmjs.org/@img%2fsharp-linuxmusl-arm64 set size:undefined disposed:false
160 silly fetch manifest @img/sharp-libvips-darwin-arm64@1.2.4
161 silly packumentCache full:https://registry.npmjs.org/@img%2fsharp-libvips-darwin-arm64 cache-miss
162 http fetch GET 200 https://registry.npmjs.org/@img%2fsharp-libvips-linux-arm 351ms (cache miss)
163 silly packumentCache full:https://registry.npmjs.org/@img%2fsharp-libvips-linux-arm set size:undefined disposed:false
164 silly fetch manifest @img/sharp-libvips-linux-riscv64@1.2.4
165 silly packumentCache full:https://registry.npmjs.org/@img%2fsharp-libvips-linux-riscv64 cache-miss
166 http fetch GET 200 https://registry.npmjs.org/@img%2fsharp-libvips-linux-x64 360ms (cache miss)
167 silly packumentCache full:https://registry.npmjs.org/@img%2fsharp-libvips-linux-x64 set size:undefined disposed:false
168 silly fetch manifest @img/sharp-libvips-linuxmusl-x64@1.2.4
169 silly packumentCache full:https://registry.npmjs.org/@img%2fsharp-libvips-linuxmusl-x64 cache-miss
170 http fetch GET 200 https://registry.npmjs.org/@img%2fsharp-libvips-darwin-x64 359ms (cache miss)
171 silly packumentCache full:https://registry.npmjs.org/@img%2fsharp-libvips-darwin-x64 set size:undefined disposed:false
172 silly fetch manifest @img/sharp-libvips-linuxmusl-arm64@1.2.4
173 silly packumentCache full:https://registry.npmjs.org/@img%2fsharp-libvips-linuxmusl-arm64 cache-miss
174 http fetch GET 200 https://registry.npmjs.org/@img%2fsharp-libvips-linux-arm64 341ms (cache miss)
175 silly packumentCache full:https://registry.npmjs.org/@img%2fsharp-libvips-linux-arm64 set size:undefined disposed:false
176 http fetch GET 200 https://registry.npmjs.org/@img%2fsharp-libvips-linux-ppc64 304ms (cache miss)
177 silly packumentCache full:https://registry.npmjs.org/@img%2fsharp-libvips-linux-ppc64 set size:undefined disposed:false
178 http fetch GET 200 https://registry.npmjs.org/@img%2fsharp-libvips-linux-s390x 372ms (cache miss)
179 silly packumentCache full:https://registry.npmjs.org/@img%2fsharp-libvips-linux-s390x set size:undefined disposed:false
180 http fetch GET 200 https://registry.npmjs.org/@img%2fsharp-libvips-linux-riscv64 331ms (cache miss)
181 silly packumentCache full:https://registry.npmjs.org/@img%2fsharp-libvips-linux-riscv64 set size:undefined disposed:false
182 http fetch GET 200 https://registry.npmjs.org/@img%2fsharp-libvips-darwin-arm64 399ms (cache miss)
183 silly packumentCache full:https://registry.npmjs.org/@img%2fsharp-libvips-darwin-arm64 set size:undefined disposed:false
184 http fetch GET 200 https://registry.npmjs.org/@img%2fsharp-libvips-linuxmusl-x64 334ms (cache miss)
185 silly packumentCache full:https://registry.npmjs.org/@img%2fsharp-libvips-linuxmusl-x64 set size:undefined disposed:false
186 http fetch GET 200 https://registry.npmjs.org/@img%2fsharp-libvips-linuxmusl-arm64 236ms (cache miss)
187 silly packumentCache full:https://registry.npmjs.org/@img%2fsharp-libvips-linuxmusl-arm64 set size:undefined disposed:false
188 silly fetch manifest bufferutil@^4.0.1
189 silly packumentCache full:https://registry.npmjs.org/bufferutil cache-miss
190 http fetch GET 200 https://registry.npmjs.org/bufferutil 174ms (cache miss)
191 silly packumentCache full:https://registry.npmjs.org/bufferutil set size:undefined disposed:false
192 silly fetch manifest utf-8-validate@>=5.0.2
193 silly packumentCache full:https://registry.npmjs.org/utf-8-validate cache-miss
194 http fetch GET 200 https://registry.npmjs.org/utf-8-validate 215ms (cache miss)
195 silly packumentCache full:https://registry.npmjs.org/utf-8-validate set size:undefined disposed:false
196 silly placeDep ROOT @cacheable/node-cache@1.7.6 OK for: @whiskeysockets/baileys@7.0.0-rc13 want: ^1.4.0
197 silly placeDep ROOT @hapi/boom@9.1.4 OK for: @whiskeysockets/baileys@7.0.0-rc13 want: ^9.1.3
198 silly placeDep ROOT async-mutex@0.5.0 OK for: @whiskeysockets/baileys@7.0.0-rc13 want: ^0.5.0
199 silly placeDep ROOT libsignal@6.0.0 OK for: @whiskeysockets/baileys@7.0.0-rc13 want: ^6.0.0
200 silly placeDep ROOT lru-cache@11.5.1 OK for: @whiskeysockets/baileys@7.0.0-rc13 want: ^11.1.0
201 silly placeDep ROOT music-metadata@11.12.3 OK for: @whiskeysockets/baileys@7.0.0-rc13 want: ^11.12.3
202 silly placeDep ROOT p-queue@9.3.0 OK for: @whiskeysockets/baileys@7.0.0-rc13 want: ^9.0.0
203 silly placeDep node_modules/@whiskeysockets/baileys pino@9.14.0 OK for: @whiskeysockets/baileys@7.0.0-rc13 want: ^9.6
204 silly placeDep ROOT protobufjs@7.6.1 OK for: @whiskeysockets/baileys@7.0.0-rc13 want: ^7.5.6
205 silly placeDep ROOT whatsapp-rust-bridge@0.5.4 OK for: @whiskeysockets/baileys@7.0.0-rc13 want: 0.5.4
206 silly placeDep ROOT ws@8.21.0 OK for: @whiskeysockets/baileys@7.0.0-rc13 want: ^8.13.0
207 silly fetch manifest keyv@^5.5.5
208 silly packumentCache full:https://registry.npmjs.org/keyv cache-miss
209 silly fetch manifest cacheable@^2.3.1
210 silly packumentCache full:https://registry.npmjs.org/cacheable cache-miss
211 silly fetch manifest hookified@^1.14.0
212 silly packumentCache full:https://registry.npmjs.org/hookified cache-miss
213 silly fetch manifest @hapi/hoek@9.x.x
214 silly packumentCache full:https://registry.npmjs.org/@hapi%2fhoek cache-miss
215 silly fetch manifest tslib@^2.4.0
216 silly packumentCache full:https://registry.npmjs.org/tslib cache-miss
217 silly fetch manifest protobufjs@^7.5.5
218 silly packumentCache full:https://registry.npmjs.org/protobufjs cache-miss
219 silly fetch manifest curve25519-js@^0.0.4
220 silly packumentCache full:https://registry.npmjs.org/curve25519-js cache-miss
221 http cache https://registry.npmjs.org/protobufjs 81ms (cache hit)
222 silly packumentCache full:https://registry.npmjs.org/protobufjs set size:708565 disposed:false
223 silly fetch manifest debug@^4.4.3
224 silly packumentCache full:https://registry.npmjs.org/debug cache-miss
225 http fetch GET 200 https://registry.npmjs.org/keyv 442ms (cache miss)
226 silly packumentCache full:https://registry.npmjs.org/keyv set size:undefined disposed:false
227 silly fetch manifest strtok3@^10.3.4
228 silly packumentCache full:https://registry.npmjs.org/strtok3 cache-miss
229 http fetch GET 200 https://registry.npmjs.org/cacheable 487ms (cache miss)
230 silly packumentCache full:https://registry.npmjs.org/cacheable set size:undefined disposed:false
231 silly fetch manifest win-guid@^0.2.1
232 silly packumentCache full:https://registry.npmjs.org/win-guid cache-miss
233 http fetch GET 200 https://registry.npmjs.org/tslib 567ms (cache miss)
234 silly packumentCache full:https://registry.npmjs.org/tslib set size:undefined disposed:false
235 silly fetch manifest file-type@^21.3.1
236 silly packumentCache full:https://registry.npmjs.org/file-type cache-miss
237 http fetch GET 200 https://registry.npmjs.org/curve25519-js 602ms (cache miss)
238 silly packumentCache full:https://registry.npmjs.org/curve25519-js set size:undefined disposed:false
239 silly fetch manifest media-typer@^1.1.0
240 silly packumentCache full:https://registry.npmjs.org/media-typer cache-miss
241 http fetch GET 200 https://registry.npmjs.org/hookified 646ms (cache miss)
242 silly packumentCache full:https://registry.npmjs.org/hookified set size:undefined disposed:false
243 silly fetch manifest token-types@^6.1.2
244 silly packumentCache full:https://registry.npmjs.org/token-types cache-miss
245 http fetch GET 200 https://registry.npmjs.org/debug 481ms (cache miss)
246 silly packumentCache full:https://registry.npmjs.org/debug set size:undefined disposed:false
247 silly fetch manifest content-type@^1.0.5
248 silly packumentCache full:https://registry.npmjs.org/content-type cache-miss
249 http fetch GET 200 https://registry.npmjs.org/@hapi%2fhoek 749ms (cache miss)
250 silly packumentCache full:https://registry.npmjs.org/@hapi%2fhoek set size:undefined disposed:false
251 silly fetch manifest @tokenizer/token@^0.3.0
252 silly packumentCache full:https://registry.npmjs.org/@tokenizer%2ftoken cache-miss
253 http fetch GET 200 https://registry.npmjs.org/win-guid 294ms (cache miss)
254 silly packumentCache full:https://registry.npmjs.org/win-guid set size:undefined disposed:false
255 silly fetch manifest uint8array-extras@^1.5.0
256 silly packumentCache full:https://registry.npmjs.org/uint8array-extras cache-miss
257 http fetch GET 200 https://registry.npmjs.org/@tokenizer%2ftoken 710ms (cache miss)
258 silly packumentCache full:https://registry.npmjs.org/@tokenizer%2ftoken set size:undefined disposed:false
259 silly fetch manifest @borewit/text-codec@^0.2.2
260 silly packumentCache full:https://registry.npmjs.org/@borewit%2ftext-codec cache-miss
261 http fetch GET 200 https://registry.npmjs.org/uint8array-extras 795ms (cache miss)
262 silly packumentCache full:https://registry.npmjs.org/uint8array-extras set size:undefined disposed:false
263 silly fetch manifest eventemitter3@^5.0.4
264 silly packumentCache full:https://registry.npmjs.org/eventemitter3 cache-miss
265 http fetch GET 200 https://registry.npmjs.org/file-type 1096ms (cache miss)
266 silly packumentCache full:https://registry.npmjs.org/file-type set size:undefined disposed:false
267 silly fetch manifest p-timeout@^7.0.0
268 silly packumentCache full:https://registry.npmjs.org/p-timeout cache-miss
269 http fetch GET 200 https://registry.npmjs.org/content-type 1103ms (cache miss)
270 silly packumentCache full:https://registry.npmjs.org/content-type set size:undefined disposed:false
271 silly fetch manifest thread-stream@^3.0.0
272 silly packumentCache full:https://registry.npmjs.org/thread-stream cache-miss
273 http fetch GET 200 https://registry.npmjs.org/strtok3 1376ms (cache miss)
274 silly packumentCache full:https://registry.npmjs.org/strtok3 set size:undefined disposed:false
275 silly fetch manifest pino-abstract-transport@^2.0.0
276 silly packumentCache full:https://registry.npmjs.org/pino-abstract-transport cache-miss
277 http fetch GET 200 https://registry.npmjs.org/media-typer 1322ms (cache miss)
278 silly packumentCache full:https://registry.npmjs.org/media-typer set size:undefined disposed:false
279 silly fetch manifest long@^5.3.2
280 silly packumentCache full:https://registry.npmjs.org/long cache-miss
281 http fetch GET 200 https://registry.npmjs.org/@borewit%2ftext-codec 465ms (cache miss)
282 silly packumentCache full:https://registry.npmjs.org/@borewit%2ftext-codec set size:undefined disposed:false
283 silly fetch manifest @types/node@>=13.7.0
284 silly packumentCache full:https://registry.npmjs.org/@types%2fnode cache-miss
285 http fetch GET 200 https://registry.npmjs.org/eventemitter3 378ms (cache miss)
286 silly packumentCache full:https://registry.npmjs.org/eventemitter3 set size:undefined disposed:false
287 silly fetch manifest @protobufjs/path@^1.1.2
288 silly packumentCache full:https://registry.npmjs.org/@protobufjs%2fpath cache-miss
289 http fetch GET 200 https://registry.npmjs.org/token-types 1370ms (cache miss)
290 silly packumentCache full:https://registry.npmjs.org/token-types set size:undefined disposed:false
291 silly fetch manifest @protobufjs/pool@^1.1.0
292 silly packumentCache full:https://registry.npmjs.org/@protobufjs%2fpool cache-miss
293 http cache https://registry.npmjs.org/thread-stream 236ms (cache hit)
294 silly packumentCache full:https://registry.npmjs.org/thread-stream set size:132366 disposed:false
295 silly fetch manifest @protobufjs/utf8@^1.1.1
296 silly packumentCache full:https://registry.npmjs.org/@protobufjs%2futf8 cache-miss
297 http cache https://registry.npmjs.org/pino-abstract-transport 215ms (cache hit)
298 silly packumentCache full:https://registry.npmjs.org/pino-abstract-transport set size:28687 disposed:false
299 silly fetch manifest @protobufjs/fetch@^1.1.1
300 silly packumentCache full:https://registry.npmjs.org/@protobufjs%2ffetch cache-miss
301 http fetch GET 200 https://registry.npmjs.org/p-timeout 465ms (cache miss)
302 silly packumentCache full:https://registry.npmjs.org/p-timeout set size:undefined disposed:false
303 silly fetch manifest @protobufjs/float@^1.0.2
304 silly packumentCache full:https://registry.npmjs.org/@protobufjs%2ffloat cache-miss
305 http fetch GET 200 https://registry.npmjs.org/long 309ms (cache miss)
306 silly packumentCache full:https://registry.npmjs.org/long set size:undefined disposed:false
307 silly fetch manifest @protobufjs/base64@^1.1.2
308 silly packumentCache full:https://registry.npmjs.org/@protobufjs%2fbase64 cache-miss
309 http fetch GET 200 https://registry.npmjs.org/@protobufjs%2fpath 349ms (cache miss)
310 silly packumentCache full:https://registry.npmjs.org/@protobufjs%2fpath set size:undefined disposed:false
311 silly fetch manifest @protobufjs/codegen@^2.0.5
312 silly packumentCache full:https://registry.npmjs.org/@protobufjs%2fcodegen cache-miss
313 http fetch GET 200 https://registry.npmjs.org/@protobufjs%2fpool 329ms (cache miss)
314 silly packumentCache full:https://registry.npmjs.org/@protobufjs%2fpool set size:undefined disposed:false
315 silly fetch manifest @protobufjs/inquire@^1.1.2
316 silly packumentCache full:https://registry.npmjs.org/@protobufjs%2finquire cache-miss
317 http fetch GET 200 https://registry.npmjs.org/@protobufjs%2futf8 327ms (cache miss)
318 silly packumentCache full:https://registry.npmjs.org/@protobufjs%2futf8 set size:undefined disposed:false
319 silly fetch manifest @protobufjs/aspromise@^1.1.2
320 silly packumentCache full:https://registry.npmjs.org/@protobufjs%2faspromise cache-miss
321 http fetch GET 200 https://registry.npmjs.org/@protobufjs%2ffetch 294ms (cache miss)
322 silly packumentCache full:https://registry.npmjs.org/@protobufjs%2ffetch set size:undefined disposed:false
323 silly fetch manifest @protobufjs/eventemitter@^1.1.1
324 silly packumentCache full:https://registry.npmjs.org/@protobufjs%2feventemitter cache-miss
325 http fetch GET 200 https://registry.npmjs.org/@protobufjs%2ffloat 235ms (cache miss)
326 silly packumentCache full:https://registry.npmjs.org/@protobufjs%2ffloat set size:undefined disposed:false
327 http fetch GET 200 https://registry.npmjs.org/@protobufjs%2fbase64 229ms (cache miss)
328 silly packumentCache full:https://registry.npmjs.org/@protobufjs%2fbase64 set size:undefined disposed:false
329 http fetch GET 200 https://registry.npmjs.org/@protobufjs%2fcodegen 236ms (cache miss)
330 silly packumentCache full:https://registry.npmjs.org/@protobufjs%2fcodegen set size:undefined disposed:false
331 http fetch GET 200 https://registry.npmjs.org/@protobufjs%2feventemitter 313ms (cache miss)
332 silly packumentCache full:https://registry.npmjs.org/@protobufjs%2feventemitter set size:undefined disposed:false
333 http fetch GET 200 https://registry.npmjs.org/@protobufjs%2finquire 366ms (cache miss)
334 silly packumentCache full:https://registry.npmjs.org/@protobufjs%2finquire set size:undefined disposed:false
335 http fetch GET 200 https://registry.npmjs.org/@protobufjs%2faspromise 348ms (cache miss)
336 silly packumentCache full:https://registry.npmjs.org/@protobufjs%2faspromise set size:undefined disposed:false
337 http fetch GET 200 https://registry.npmjs.org/@types%2fnode 6207ms (cache miss)
338 silly packumentCache full:https://registry.npmjs.org/@types%2fnode set size:undefined disposed:false
339 silly placeDep ROOT cacheable@2.3.5 OK for: @cacheable/node-cache@1.7.6 want: ^2.3.1
340 silly placeDep ROOT hookified@1.15.1 OK for: @cacheable/node-cache@1.7.6 want: ^1.14.0
341 silly placeDep ROOT keyv@5.6.0 OK for: @cacheable/node-cache@1.7.6 want: ^5.5.5
342 silly fetch manifest hookified@^1.15.0
343 silly packumentCache full:https://registry.npmjs.org/hookified cache-miss
344 silly fetch manifest keyv@^5.6.0
345 silly packumentCache full:https://registry.npmjs.org/keyv cache-miss
346 silly fetch manifest qified@^0.10.1
347 silly packumentCache full:https://registry.npmjs.org/qified cache-miss
348 silly fetch manifest @cacheable/memory@^2.0.8
349 silly packumentCache full:https://registry.npmjs.org/@cacheable%2fmemory cache-miss
350 silly fetch manifest @cacheable/utils@^2.4.1
351 silly packumentCache full:https://registry.npmjs.org/@cacheable%2futils cache-miss
352 silly fetch manifest @keyv/serialize@^1.1.1
353 silly packumentCache full:https://registry.npmjs.org/@keyv%2fserialize cache-miss
354 http cache https://registry.npmjs.org/keyv 91ms (cache hit)
355 silly packumentCache full:https://registry.npmjs.org/keyv set size:215840 disposed:false
356 http cache https://registry.npmjs.org/hookified 133ms (cache hit)
357 silly packumentCache full:https://registry.npmjs.org/hookified set size:92482 disposed:false
358 http fetch GET 200 https://registry.npmjs.org/qified 359ms (cache miss)
359 silly packumentCache full:https://registry.npmjs.org/qified set size:undefined disposed:false
360 http fetch GET 200 https://registry.npmjs.org/@keyv%2fserialize 961ms (cache miss)
361 silly packumentCache full:https://registry.npmjs.org/@keyv%2fserialize set size:undefined disposed:false
362 http fetch GET 200 https://registry.npmjs.org/@cacheable%2futils 1073ms (cache miss)
363 silly packumentCache full:https://registry.npmjs.org/@cacheable%2futils set size:undefined disposed:false
364 http fetch GET 200 https://registry.npmjs.org/@cacheable%2fmemory 1528ms (cache miss)
365 silly packumentCache full:https://registry.npmjs.org/@cacheable%2fmemory set size:undefined disposed:false
366 silly placeDep ROOT @hapi/hoek@9.3.0 OK for: @hapi/boom@9.1.4 want: 9.x.x
367 silly placeDep ROOT tslib@2.8.1 OK for: async-mutex@0.5.0 want: ^2.4.0
368 silly placeDep ROOT @cacheable/memory@2.0.9 OK for: cacheable@2.3.5 want: ^2.0.8
369 silly placeDep ROOT @cacheable/utils@2.4.1 OK for: cacheable@2.3.5 want: ^2.4.1
370 silly placeDep ROOT qified@0.10.1 OK for: cacheable@2.3.5 want: ^0.10.1
371 silly fetch manifest @keyv/bigmap@^1.3.1
372 silly packumentCache full:https://registry.npmjs.org/@keyv%2fbigmap cache-miss
373 silly fetch manifest hashery@^1.5.1
374 silly packumentCache full:https://registry.npmjs.org/hashery cache-miss
375 silly fetch manifest hookified@^2.1.1
376 silly packumentCache full:https://registry.npmjs.org/hookified cache-hit
377 http fetch GET 200 https://registry.npmjs.org/@keyv%2fbigmap 379ms (cache miss)
378 silly packumentCache full:https://registry.npmjs.org/@keyv%2fbigmap set size:undefined disposed:false
379 http fetch GET 200 https://registry.npmjs.org/hashery 392ms (cache miss)
380 silly packumentCache full:https://registry.npmjs.org/hashery set size:undefined disposed:false
381 silly placeDep ROOT @keyv/bigmap@1.3.1 OK for: @cacheable/memory@2.0.9 want: ^1.3.1
382 silly fetch manifest hashery@^1.4.0
383 silly packumentCache full:https://registry.npmjs.org/hashery cache-miss
384 http cache https://registry.npmjs.org/hashery 19ms (cache hit)
385 silly packumentCache full:https://registry.npmjs.org/hashery set size:75282 disposed:false
386 silly placeDep ROOT hashery@1.5.1 OK for: @cacheable/utils@2.4.1 want: ^1.5.1
387 silly placeDep ROOT @keyv/serialize@1.1.1 OK for: keyv@5.6.0 want: ^1.1.1
388 silly placeDep ROOT curve25519-js@0.0.4 OK for: libsignal@6.0.0 want: ^0.0.4
389 silly placeDep ROOT @borewit/text-codec@0.2.2 OK for: music-metadata@11.12.3 want: ^0.2.2
390 silly placeDep ROOT @tokenizer/token@0.3.0 OK for: music-metadata@11.12.3 want: ^0.3.0
391 silly placeDep ROOT content-type@1.0.5 OK for: music-metadata@11.12.3 want: ^1.0.5
392 silly placeDep ROOT debug@4.4.3 OK for: music-metadata@11.12.3 want: ^4.4.3
393 silly placeDep ROOT file-type@21.3.4 OK for: music-metadata@11.12.3 want: ^21.3.1
394 silly placeDep ROOT media-typer@1.1.0 OK for: music-metadata@11.12.3 want: ^1.1.0
395 silly placeDep ROOT strtok3@10.3.5 OK for: music-metadata@11.12.3 want: ^10.3.4
396 silly placeDep ROOT token-types@6.1.2 OK for: music-metadata@11.12.3 want: ^6.1.2
397 silly placeDep ROOT uint8array-extras@1.5.0 OK for: music-metadata@11.12.3 want: ^1.5.0
398 silly placeDep ROOT win-guid@0.2.1 OK for: music-metadata@11.12.3 want: ^0.2.1
399 silly fetch manifest ms@^2.1.3
400 silly packumentCache full:https://registry.npmjs.org/ms cache-miss
401 silly fetch manifest token-types@^6.1.1
402 silly packumentCache full:https://registry.npmjs.org/token-types cache-miss
403 silly fetch manifest uint8array-extras@^1.4.0
404 silly packumentCache full:https://registry.npmjs.org/uint8array-extras cache-miss
405 silly fetch manifest @tokenizer/inflate@^0.4.1
406 silly packumentCache full:https://registry.npmjs.org/@tokenizer%2finflate cache-miss
407 silly fetch manifest ieee754@^1.2.1
408 silly packumentCache full:https://registry.npmjs.org/ieee754 cache-miss
409 http cache https://registry.npmjs.org/uint8array-extras 69ms (cache hit)
410 silly packumentCache full:https://registry.npmjs.org/uint8array-extras set size:36606 disposed:false
411 http cache https://registry.npmjs.org/token-types 85ms (cache hit)
412 silly packumentCache full:https://registry.npmjs.org/token-types set size:155133 disposed:false
413 http fetch GET 200 https://registry.npmjs.org/ieee754 715ms (cache miss)
414 silly packumentCache full:https://registry.npmjs.org/ieee754 set size:undefined disposed:false
415 http fetch GET 200 https://registry.npmjs.org/@tokenizer%2finflate 879ms (cache miss)
416 silly packumentCache full:https://registry.npmjs.org/@tokenizer%2finflate set size:undefined disposed:false
417 http fetch GET 200 https://registry.npmjs.org/ms 1164ms (cache miss)
418 silly packumentCache full:https://registry.npmjs.org/ms set size:undefined disposed:false
419 silly placeDep ROOT ms@2.1.3 OK for: debug@4.4.3 want: ^2.1.3
420 silly placeDep ROOT @tokenizer/inflate@0.4.1 OK for: file-type@21.3.4 want: ^0.4.1
421 silly placeDep ROOT eventemitter3@5.0.4 OK for: p-queue@9.3.0 want: ^5.0.4
422 silly placeDep ROOT p-timeout@7.0.1 OK for: p-queue@9.3.0 want: ^7.0.0
423 silly placeDep ROOT @protobufjs/aspromise@1.1.2 OK for: protobufjs@7.6.1 want: ^1.1.2
424 silly placeDep ROOT @protobufjs/base64@1.1.2 OK for: protobufjs@7.6.1 want: ^1.1.2
425 silly placeDep ROOT @protobufjs/codegen@2.0.5 OK for: protobufjs@7.6.1 want: ^2.0.5
426 silly placeDep ROOT @protobufjs/eventemitter@1.1.1 OK for: protobufjs@7.6.1 want: ^1.1.1
427 silly placeDep ROOT @protobufjs/fetch@1.1.1 OK for: protobufjs@7.6.1 want: ^1.1.1
428 silly placeDep ROOT @protobufjs/float@1.0.2 OK for: protobufjs@7.6.1 want: ^1.0.2
429 silly placeDep ROOT @protobufjs/inquire@1.1.2 OK for: protobufjs@7.6.1 want: ^1.1.2
430 silly placeDep ROOT @protobufjs/path@1.1.2 OK for: protobufjs@7.6.1 want: ^1.1.2
431 silly placeDep ROOT @protobufjs/pool@1.1.0 OK for: protobufjs@7.6.1 want: ^1.1.0
432 silly placeDep ROOT @protobufjs/utf8@1.1.1 OK for: protobufjs@7.6.1 want: ^1.1.1
433 silly placeDep ROOT @types/node@25.9.1 OK for: protobufjs@7.6.1 want: >=13.7.0
434 silly placeDep ROOT long@5.3.2 OK for: protobufjs@7.6.1 want: ^5.3.2
435 silly fetch manifest undici-types@>=7.24.0 <7.24.7
436 silly packumentCache full:https://registry.npmjs.org/undici-types cache-miss
437 http fetch GET 200 https://registry.npmjs.org/undici-types 2175ms (cache miss)
438 silly packumentCache full:https://registry.npmjs.org/undici-types set size:undefined disposed:false
439 silly placeDep ROOT undici-types@7.24.6 OK for: @types/node@25.9.1 want: >=7.24.0 <7.24.7
440 silly placeDep node_modules/qified hookified@2.2.0 OK for: qified@0.10.1 want: ^2.1.1
441 silly placeDep ROOT @img/colour@1.1.0 OK for: sharp@0.34.5 want: ^1.0.0
442 silly placeDep ROOT @img/sharp-darwin-arm64@0.34.5 OK for: sharp@0.34.5 want: 0.34.5
443 silly placeDep ROOT @img/sharp-darwin-x64@0.34.5 OK for: sharp@0.34.5 want: 0.34.5
444 silly placeDep ROOT @img/sharp-libvips-darwin-arm64@1.2.4 OK for: sharp@0.34.5 want: 1.2.4
445 silly placeDep ROOT @img/sharp-libvips-darwin-x64@1.2.4 OK for: sharp@0.34.5 want: 1.2.4
446 silly placeDep ROOT @img/sharp-libvips-linux-arm@1.2.4 OK for: sharp@0.34.5 want: 1.2.4
447 silly placeDep ROOT @img/sharp-libvips-linux-arm64@1.2.4 OK for: sharp@0.34.5 want: 1.2.4
448 silly placeDep ROOT @img/sharp-libvips-linux-ppc64@1.2.4 OK for: sharp@0.34.5 want: 1.2.4
449 silly placeDep ROOT @img/sharp-libvips-linux-riscv64@1.2.4 OK for: sharp@0.34.5 want: 1.2.4
450 silly placeDep ROOT @img/sharp-libvips-linux-s390x@1.2.4 OK for: sharp@0.34.5 want: 1.2.4
451 silly placeDep ROOT @img/sharp-libvips-linux-x64@1.2.4 OK for: sharp@0.34.5 want: 1.2.4
452 silly placeDep ROOT @img/sharp-libvips-linuxmusl-arm64@1.2.4 OK for: sharp@0.34.5 want: 1.2.4
453 silly placeDep ROOT @img/sharp-libvips-linuxmusl-x64@1.2.4 OK for: sharp@0.34.5 want: 1.2.4
454 silly placeDep ROOT @img/sharp-linux-arm@0.34.5 OK for: sharp@0.34.5 want: 0.34.5
455 silly placeDep ROOT @img/sharp-linux-arm64@0.34.5 OK for: sharp@0.34.5 want: 0.34.5
456 silly placeDep ROOT @img/sharp-linux-ppc64@0.34.5 OK for: sharp@0.34.5 want: 0.34.5
457 silly placeDep ROOT @img/sharp-linux-riscv64@0.34.5 OK for: sharp@0.34.5 want: 0.34.5
458 silly placeDep ROOT @img/sharp-linux-s390x@0.34.5 OK for: sharp@0.34.5 want: 0.34.5
459 silly placeDep ROOT @img/sharp-linux-x64@0.34.5 OK for: sharp@0.34.5 want: 0.34.5
460 silly placeDep ROOT @img/sharp-linuxmusl-arm64@0.34.5 OK for: sharp@0.34.5 want: 0.34.5
461 silly placeDep ROOT @img/sharp-linuxmusl-x64@0.34.5 OK for: sharp@0.34.5 want: 0.34.5
462 silly placeDep ROOT @img/sharp-wasm32@0.34.5 OK for: sharp@0.34.5 want: 0.34.5
463 silly placeDep ROOT @img/sharp-win32-arm64@0.34.5 OK for: sharp@0.34.5 want: 0.34.5
464 silly placeDep ROOT @img/sharp-win32-ia32@0.34.5 OK for: sharp@0.34.5 want: 0.34.5
465 silly placeDep ROOT @img/sharp-win32-x64@0.34.5 OK for: sharp@0.34.5 want: 0.34.5
466 silly placeDep ROOT detect-libc@2.1.2 OK for: sharp@0.34.5 want: ^2.1.2
467 silly placeDep ROOT semver@7.8.1 OK for: sharp@0.34.5 want: ^7.7.3
468 silly fetch manifest @emnapi/runtime@^1.7.0
469 silly packumentCache full:https://registry.npmjs.org/@emnapi%2fruntime cache-miss
470 http fetch GET 200 https://registry.npmjs.org/@emnapi%2fruntime 796ms (cache miss)
471 silly packumentCache full:https://registry.npmjs.org/@emnapi%2fruntime set size:undefined disposed:false
472 silly placeDep ROOT @emnapi/runtime@1.10.0 OK for: @img/sharp-wasm32@0.34.5 want: ^1.7.0
473 silly placeDep ROOT ieee754@1.2.1 OK for: token-types@6.1.2 want: ^1.2.1
474 silly placeDep node_modules/@whiskeysockets/baileys pino-abstract-transport@2.0.0 OK for: pino@9.14.0 want: ^2.0.0
475 silly placeDep node_modules/@whiskeysockets/baileys thread-stream@3.1.0 OK for: pino@9.14.0 want: ^3.0.0
476 silly reify moves {}
477 silly audit bulk request {
477 silly audit   '@pinojs/redact': [ '0.4.0' ],
477 silly audit   'atomic-sleep': [ '1.0.0' ],
477 silly audit   'on-exit-leak-free': [ '2.1.2' ],
477 silly audit   pino: [ '10.3.1', '9.14.0' ],
477 silly audit   'pino-abstract-transport': [ '3.0.0', '2.0.0' ],
477 silly audit   'pino-std-serializers': [ '7.1.0' ],
477 silly audit   'process-warning': [ '5.0.0' ],
477 silly audit   'qrcode-terminal': [ '0.12.0' ],
477 silly audit   'quick-format-unescaped': [ '4.0.4' ],
477 silly audit   'real-require': [ '0.2.0', '1.0.0' ],
477 silly audit   'safe-stable-stringify': [ '2.5.0' ],
477 silly audit   'sonic-boom': [ '4.2.1' ],
477 silly audit   split2: [ '4.2.0' ],
477 silly audit   'thread-stream': [ '4.2.0', '3.1.0' ],
477 silly audit   '@whiskeysockets/baileys': [ '7.0.0-rc13' ],
477 silly audit   sharp: [ '0.34.5' ],
477 silly audit   '@cacheable/node-cache': [ '1.7.6' ],
477 silly audit   '@hapi/boom': [ '9.1.4' ],
477 silly audit   'async-mutex': [ '0.5.0' ],
477 silly audit   libsignal: [ '6.0.0' ],
477 silly audit   'lru-cache': [ '11.5.1' ],
477 silly audit   'music-metadata': [ '11.12.3' ],
477 silly audit   'p-queue': [ '9.3.0' ],
477 silly audit   protobufjs: [ '7.6.1' ],
477 silly audit   'whatsapp-rust-bridge': [ '0.5.4' ],
477 silly audit   ws: [ '8.21.0' ],
477 silly audit   cacheable: [ '2.3.5' ],
477 silly audit   hookified: [ '1.15.1', '2.2.0' ],
477 silly audit   keyv: [ '5.6.0' ],
477 silly audit   '@hapi/hoek': [ '9.3.0' ],
477 silly audit   tslib: [ '2.8.1' ],
477 silly audit   '@cacheable/memory': [ '2.0.9' ],
477 silly audit   '@cacheable/utils': [ '2.4.1' ],
477 silly audit   qified: [ '0.10.1' ],
477 silly audit   '@keyv/bigmap': [ '1.3.1' ],
477 silly audit   hashery: [ '1.5.1' ],
477 silly audit   '@keyv/serialize': [ '1.1.1' ],
477 silly audit   'curve25519-js': [ '0.0.4' ],
477 silly audit   '@borewit/text-codec': [ '0.2.2' ],
477 silly audit   '@tokenizer/token': [ '0.3.0' ],
477 silly audit   'content-type': [ '1.0.5' ],
477 silly audit   debug: [ '4.4.3' ],
477 silly audit   'file-type': [ '21.3.4' ],
477 silly audit   'media-typer': [ '1.1.0' ],
477 silly audit   strtok3: [ '10.3.5' ],
477 silly audit   'token-types': [ '6.1.2' ],
477 silly audit   'uint8array-extras': [ '1.5.0' ],
477 silly audit   'win-guid': [ '0.2.1' ],
477 silly audit   ms: [ '2.1.3' ],
477 silly audit   '@tokenizer/inflate': [ '0.4.1' ],
477 silly audit   eventemitter3: [ '5.0.4' ],
477 silly audit   'p-timeout': [ '7.0.1' ],
477 silly audit   '@protobufjs/aspromise': [ '1.1.2' ],
477 silly audit   '@protobufjs/base64': [ '1.1.2' ],
477 silly audit   '@protobufjs/codegen': [ '2.0.5' ],
477 silly audit   '@protobufjs/eventemitter': [ '1.1.1' ],
477 silly audit   '@protobufjs/fetch': [ '1.1.1' ],
477 silly audit   '@protobufjs/float': [ '1.0.2' ],
477 silly audit   '@protobufjs/inquire': [ '1.1.2' ],
477 silly audit   '@protobufjs/path': [ '1.1.2' ],
477 silly audit   '@protobufjs/pool': [ '1.1.0' ],
477 silly audit   '@protobufjs/utf8': [ '1.1.1' ],
477 silly audit   '@types/node': [ '25.9.1' ],
477 silly audit   long: [ '5.3.2' ],
477 silly audit   'undici-types': [ '7.24.6' ],
477 silly audit   '@img/colour': [ '1.1.0' ],
477 silly audit   '@img/sharp-darwin-arm64': [ '0.34.5' ],
477 silly audit   '@img/sharp-darwin-x64': [ '0.34.5' ],
477 silly audit   '@img/sharp-libvips-darwin-arm64': [ '1.2.4' ],
477 silly audit   '@img/sharp-libvips-darwin-x64': [ '1.2.4' ],
477 silly audit   '@img/sharp-libvips-linux-arm': [ '1.2.4' ],
477 silly audit   '@img/sharp-libvips-linux-arm64': [ '1.2.4' ],
477 silly audit   '@img/sharp-libvips-linux-ppc64': [ '1.2.4' ],
477 silly audit   '@img/sharp-libvips-linux-riscv64': [ '1.2.4' ],
477 silly audit   '@img/sharp-libvips-linux-s390x': [ '1.2.4' ],
477 silly audit   '@img/sharp-libvips-linux-x64': [ '1.2.4' ],
477 silly audit   '@img/sharp-libvips-linuxmusl-arm64': [ '1.2.4' ],
477 silly audit   '@img/sharp-libvips-linuxmusl-x64': [ '1.2.4' ],
477 silly audit   '@img/sharp-linux-arm': [ '0.34.5' ],
477 silly audit   '@img/sharp-linux-arm64': [ '0.34.5' ],
477 silly audit   '@img/sharp-linux-ppc64': [ '0.34.5' ],
477 silly audit   '@img/sharp-linux-riscv64': [ '0.34.5' ],
477 silly audit   '@img/sharp-linux-s390x': [ '0.34.5' ],
477 silly audit   '@img/sharp-linux-x64': [ '0.34.5' ],
477 silly audit   '@img/sharp-linuxmusl-arm64': [ '0.34.5' ],
477 silly audit   '@img/sharp-linuxmusl-x64': [ '0.34.5' ],
477 silly audit   '@img/sharp-wasm32': [ '0.34.5' ],
477 silly audit   '@img/sharp-win32-arm64': [ '0.34.5' ],
477 silly audit   '@img/sharp-win32-ia32': [ '0.34.5' ],
477 silly audit   '@img/sharp-win32-x64': [ '0.34.5' ],
477 silly audit   'detect-libc': [ '2.1.2' ],
477 silly audit   semver: [ '7.8.1' ],
477 silly audit   '@emnapi/runtime': [ '1.10.0' ],
477 silly audit   ieee754: [ '1.2.1' ]
477 silly audit }
478 http cache ieee754@https://registry.npmjs.org/ieee754/-/ieee754-1.2.1.tgz 1ms (cache hit)
479 http cache semver@https://registry.npmjs.org/semver/-/semver-7.8.1.tgz 0ms (cache hit)
480 http cache detect-libc@https://registry.npmjs.org/detect-libc/-/detect-libc-2.1.2.tgz 1ms (cache hit)
481 http cache @img/colour@https://registry.npmjs.org/@img/colour/-/colour-1.1.0.tgz 1ms (cache hit)
482 http cache undici-types@https://registry.npmjs.org/undici-types/-/undici-types-7.24.6.tgz 0ms (cache hit)
483 http cache @types/node@https://registry.npmjs.org/@types/node/-/node-25.9.1.tgz 0ms (cache hit)
484 http cache @protobufjs/utf8@https://registry.npmjs.org/@protobufjs/utf8/-/utf8-1.1.1.tgz 0ms (cache hit)
485 http cache @protobufjs/pool@https://registry.npmjs.org/@protobufjs/pool/-/pool-1.1.0.tgz 0ms (cache hit)
486 http cache long@https://registry.npmjs.org/long/-/long-5.3.2.tgz 1ms (cache hit)
487 http cache @protobufjs/path@https://registry.npmjs.org/@protobufjs/path/-/path-1.1.2.tgz 0ms (cache hit)
488 http cache @protobufjs/float@https://registry.npmjs.org/@protobufjs/float/-/float-1.0.2.tgz 0ms (cache hit)
489 http cache @protobufjs/inquire@https://registry.npmjs.org/@protobufjs/inquire/-/inquire-1.1.2.tgz 0ms (cache hit)
490 http cache @protobufjs/fetch@https://registry.npmjs.org/@protobufjs/fetch/-/fetch-1.1.1.tgz 0ms (cache hit)
491 http cache @protobufjs/eventemitter@https://registry.npmjs.org/@protobufjs/eventemitter/-/eventemitter-1.1.1.tgz 0ms (cache hit)
492 http cache @protobufjs/codegen@https://registry.npmjs.org/@protobufjs/codegen/-/codegen-2.0.5.tgz 0ms (cache hit)
493 http cache p-timeout@https://registry.npmjs.org/p-timeout/-/p-timeout-7.0.1.tgz 0ms (cache hit)
494 http cache @protobufjs/base64@https://registry.npmjs.org/@protobufjs/base64/-/base64-1.1.2.tgz 0ms (cache hit)
495 http cache @protobufjs/aspromise@https://registry.npmjs.org/@protobufjs/aspromise/-/aspromise-1.1.2.tgz 0ms (cache hit)
496 http cache eventemitter3@https://registry.npmjs.org/eventemitter3/-/eventemitter3-5.0.4.tgz 0ms (cache hit)
497 http cache @tokenizer/inflate@https://registry.npmjs.org/@tokenizer/inflate/-/inflate-0.4.1.tgz 0ms (cache hit)
498 http cache ms@https://registry.npmjs.org/ms/-/ms-2.1.3.tgz 0ms (cache hit)
499 http cache win-guid@https://registry.npmjs.org/win-guid/-/win-guid-0.2.1.tgz 0ms (cache hit)
500 http cache uint8array-extras@https://registry.npmjs.org/uint8array-extras/-/uint8array-extras-1.5.0.tgz 0ms (cache hit)
501 http cache strtok3@https://registry.npmjs.org/strtok3/-/strtok3-10.3.5.tgz 0ms (cache hit)
502 http cache token-types@https://registry.npmjs.org/token-types/-/token-types-6.1.2.tgz 0ms (cache hit)
503 http cache media-typer@https://registry.npmjs.org/media-typer/-/media-typer-1.1.0.tgz 0ms (cache hit)
504 http cache file-type@https://registry.npmjs.org/file-type/-/file-type-21.3.4.tgz 0ms (cache hit)
505 http cache debug@https://registry.npmjs.org/debug/-/debug-4.4.3.tgz 1ms (cache hit)
506 http cache content-type@https://registry.npmjs.org/content-type/-/content-type-1.0.5.tgz 0ms (cache hit)
507 http cache @borewit/text-codec@https://registry.npmjs.org/@borewit/text-codec/-/text-codec-0.2.2.tgz 0ms (cache hit)
508 http cache @tokenizer/token@https://registry.npmjs.org/@tokenizer/token/-/token-0.3.0.tgz 0ms (cache hit)
509 http cache @keyv/serialize@https://registry.npmjs.org/@keyv/serialize/-/serialize-1.1.1.tgz 1ms (cache hit)
510 http cache hashery@https://registry.npmjs.org/hashery/-/hashery-1.5.1.tgz 0ms (cache hit)
511 http cache curve25519-js@https://registry.npmjs.org/curve25519-js/-/curve25519-js-0.0.4.tgz 0ms (cache hit)
512 http cache @keyv/bigmap@https://registry.npmjs.org/@keyv/bigmap/-/bigmap-1.3.1.tgz 0ms (cache hit)
513 http cache qified@https://registry.npmjs.org/qified/-/qified-0.10.1.tgz 0ms (cache hit)
514 http cache @cacheable/utils@https://registry.npmjs.org/@cacheable/utils/-/utils-2.4.1.tgz 0ms (cache hit)
515 http cache @cacheable/memory@https://registry.npmjs.org/@cacheable/memory/-/memory-2.0.9.tgz 0ms (cache hit)
516 http cache tslib@https://registry.npmjs.org/tslib/-/tslib-2.8.1.tgz 0ms (cache hit)
517 http cache keyv@https://registry.npmjs.org/keyv/-/keyv-5.6.0.tgz 0ms (cache hit)
518 http cache @hapi/hoek@https://registry.npmjs.org/@hapi/hoek/-/hoek-9.3.0.tgz 0ms (cache hit)
519 http cache cacheable@https://registry.npmjs.org/cacheable/-/cacheable-2.3.5.tgz 1ms (cache hit)
520 http cache ws@https://registry.npmjs.org/ws/-/ws-8.21.0.tgz 0ms (cache hit)
521 http cache whatsapp-rust-bridge@https://registry.npmjs.org/whatsapp-rust-bridge/-/whatsapp-rust-bridge-0.5.4.tgz 0ms (cache hit)
522 http cache hookified@https://registry.npmjs.org/hookified/-/hookified-1.15.1.tgz 0ms (cache hit)
523 http cache p-queue@https://registry.npmjs.org/p-queue/-/p-queue-9.3.0.tgz 0ms (cache hit)
524 http cache lru-cache@https://registry.npmjs.org/lru-cache/-/lru-cache-11.5.1.tgz 0ms (cache hit)
525 http cache music-metadata@https://registry.npmjs.org/music-metadata/-/music-metadata-11.12.3.tgz 0ms (cache hit)
526 http cache libsignal@https://registry.npmjs.org/libsignal/-/libsignal-6.0.0.tgz 0ms (cache hit)
527 http cache async-mutex@https://registry.npmjs.org/async-mutex/-/async-mutex-0.5.0.tgz 0ms (cache hit)
528 http cache @hapi/boom@https://registry.npmjs.org/@hapi/boom/-/boom-9.1.4.tgz 0ms (cache hit)
529 http cache protobufjs@https://registry.npmjs.org/protobufjs/-/protobufjs-7.6.1.tgz 0ms (cache hit)
530 http cache sharp@https://registry.npmjs.org/sharp/-/sharp-0.34.5.tgz 0ms (cache hit)
531 http cache @whiskeysockets/baileys@https://registry.npmjs.org/@whiskeysockets/baileys/-/baileys-7.0.0-rc13.tgz 1ms (cache hit)
532 http cache @cacheable/node-cache@https://registry.npmjs.org/@cacheable/node-cache/-/node-cache-1.7.6.tgz 0ms (cache hit)
533 http cache hookified@https://registry.npmjs.org/hookified/-/hookified-2.2.0.tgz 0ms (cache hit)
534 http cache thread-stream@https://registry.npmjs.org/thread-stream/-/thread-stream-3.1.0.tgz 0ms (cache hit)
535 http cache pino-abstract-transport@https://registry.npmjs.org/pino-abstract-transport/-/pino-abstract-transport-2.0.0.tgz 0ms (cache hit)
536 http cache pino@https://registry.npmjs.org/pino/-/pino-9.14.0.tgz 1ms (cache hit)
537 silly tarball no local data for ieee754@https://registry.npmjs.org/ieee754/-/ieee754-1.2.1.tgz. Extracting by manifest.
538 silly tarball no local data for semver@https://registry.npmjs.org/semver/-/semver-7.8.1.tgz. Extracting by manifest.
539 silly tarball no local data for detect-libc@https://registry.npmjs.org/detect-libc/-/detect-libc-2.1.2.tgz. Extracting by manifest.
540 silly tarball no local data for @img/colour@https://registry.npmjs.org/@img/colour/-/colour-1.1.0.tgz. Extracting by manifest.
541 silly tarball no local data for undici-types@https://registry.npmjs.org/undici-types/-/undici-types-7.24.6.tgz. Extracting by manifest.
542 silly tarball no local data for @types/node@https://registry.npmjs.org/@types/node/-/node-25.9.1.tgz. Extracting by manifest.
543 silly tarball no local data for @protobufjs/utf8@https://registry.npmjs.org/@protobufjs/utf8/-/utf8-1.1.1.tgz. Extracting by manifest.
544 silly tarball no local data for @protobufjs/pool@https://registry.npmjs.org/@protobufjs/pool/-/pool-1.1.0.tgz. Extracting by manifest.
545 silly tarball no local data for long@https://registry.npmjs.org/long/-/long-5.3.2.tgz. Extracting by manifest.
546 silly tarball no local data for @protobufjs/path@https://registry.npmjs.org/@protobufjs/path/-/path-1.1.2.tgz. Extracting by manifest.
547 silly tarball no local data for @protobufjs/float@https://registry.npmjs.org/@protobufjs/float/-/float-1.0.2.tgz. Extracting by manifest.
548 silly tarball no local data for @protobufjs/inquire@https://registry.npmjs.org/@protobufjs/inquire/-/inquire-1.1.2.tgz. Extracting by manifest.
549 silly tarball no local data for @protobufjs/fetch@https://registry.npmjs.org/@protobufjs/fetch/-/fetch-1.1.1.tgz. Extracting by manifest.
550 silly tarball no local data for @protobufjs/eventemitter@https://registry.npmjs.org/@protobufjs/eventemitter/-/eventemitter-1.1.1.tgz. Extracting by manifest.
551 silly tarball no local data for @protobufjs/codegen@https://registry.npmjs.org/@protobufjs/codegen/-/codegen-2.0.5.tgz. Extracting by manifest.
552 silly tarball no local data for p-timeout@https://registry.npmjs.org/p-timeout/-/p-timeout-7.0.1.tgz. Extracting by manifest.
553 silly tarball no local data for @protobufjs/base64@https://registry.npmjs.org/@protobufjs/base64/-/base64-1.1.2.tgz. Extracting by manifest.
554 silly tarball no local data for @protobufjs/aspromise@https://registry.npmjs.org/@protobufjs/aspromise/-/aspromise-1.1.2.tgz. Extracting by manifest.
555 silly tarball no local data for eventemitter3@https://registry.npmjs.org/eventemitter3/-/eventemitter3-5.0.4.tgz. Extracting by manifest.
556 silly tarball no local data for @tokenizer/inflate@https://registry.npmjs.org/@tokenizer/inflate/-/inflate-0.4.1.tgz. Extracting by manifest.
557 silly tarball no local data for ms@https://registry.npmjs.org/ms/-/ms-2.1.3.tgz. Extracting by manifest.
558 silly tarball no local data for win-guid@https://registry.npmjs.org/win-guid/-/win-guid-0.2.1.tgz. Extracting by manifest.
559 silly tarball no local data for uint8array-extras@https://registry.npmjs.org/uint8array-extras/-/uint8array-extras-1.5.0.tgz. Extracting by manifest.
560 silly tarball no local data for strtok3@https://registry.npmjs.org/strtok3/-/strtok3-10.3.5.tgz. Extracting by manifest.
561 silly tarball no local data for token-types@https://registry.npmjs.org/token-types/-/token-types-6.1.2.tgz. Extracting by manifest.
562 silly tarball no local data for media-typer@https://registry.npmjs.org/media-typer/-/media-typer-1.1.0.tgz. Extracting by manifest.
563 silly tarball no local data for file-type@https://registry.npmjs.org/file-type/-/file-type-21.3.4.tgz. Extracting by manifest.
564 silly tarball no local data for debug@https://registry.npmjs.org/debug/-/debug-4.4.3.tgz. Extracting by manifest.
565 silly tarball no local data for content-type@https://registry.npmjs.org/content-type/-/content-type-1.0.5.tgz. Extracting by manifest.
566 silly tarball no local data for @borewit/text-codec@https://registry.npmjs.org/@borewit/text-codec/-/text-codec-0.2.2.tgz. Extracting by manifest.
567 silly tarball no local data for @tokenizer/token@https://registry.npmjs.org/@tokenizer/token/-/token-0.3.0.tgz. Extracting by manifest.
568 silly tarball no local data for @keyv/serialize@https://registry.npmjs.org/@keyv/serialize/-/serialize-1.1.1.tgz. Extracting by manifest.
569 silly tarball no local data for hashery@https://registry.npmjs.org/hashery/-/hashery-1.5.1.tgz. Extracting by manifest.
570 silly tarball no local data for curve25519-js@https://registry.npmjs.org/curve25519-js/-/curve25519-js-0.0.4.tgz. Extracting by manifest.
571 silly tarball no local data for @keyv/bigmap@https://registry.npmjs.org/@keyv/bigmap/-/bigmap-1.3.1.tgz. Extracting by manifest.
572 silly tarball no local data for qified@https://registry.npmjs.org/qified/-/qified-0.10.1.tgz. Extracting by manifest.
573 silly tarball no local data for @cacheable/utils@https://registry.npmjs.org/@cacheable/utils/-/utils-2.4.1.tgz. Extracting by manifest.
574 silly tarball no local data for @cacheable/memory@https://registry.npmjs.org/@cacheable/memory/-/memory-2.0.9.tgz. Extracting by manifest.
575 silly tarball no local data for tslib@https://registry.npmjs.org/tslib/-/tslib-2.8.1.tgz. Extracting by manifest.
576 silly tarball no local data for keyv@https://registry.npmjs.org/keyv/-/keyv-5.6.0.tgz. Extracting by manifest.
577 silly tarball no local data for @hapi/hoek@https://registry.npmjs.org/@hapi/hoek/-/hoek-9.3.0.tgz. Extracting by manifest.
578 silly tarball no local data for cacheable@https://registry.npmjs.org/cacheable/-/cacheable-2.3.5.tgz. Extracting by manifest.
579 silly tarball no local data for ws@https://registry.npmjs.org/ws/-/ws-8.21.0.tgz. Extracting by manifest.
580 silly tarball no local data for whatsapp-rust-bridge@https://registry.npmjs.org/whatsapp-rust-bridge/-/whatsapp-rust-bridge-0.5.4.tgz. Extracting by manifest.
581 silly tarball no local data for hookified@https://registry.npmjs.org/hookified/-/hookified-1.15.1.tgz. Extracting by manifest.
582 silly tarball no local data for p-queue@https://registry.npmjs.org/p-queue/-/p-queue-9.3.0.tgz. Extracting by manifest.
583 silly tarball no local data for lru-cache@https://registry.npmjs.org/lru-cache/-/lru-cache-11.5.1.tgz. Extracting by manifest.
584 silly tarball no local data for music-metadata@https://registry.npmjs.org/music-metadata/-/music-metadata-11.12.3.tgz. Extracting by manifest.
585 silly tarball no local data for libsignal@https://registry.npmjs.org/libsignal/-/libsignal-6.0.0.tgz. Extracting by manifest.
586 silly tarball no local data for async-mutex@https://registry.npmjs.org/async-mutex/-/async-mutex-0.5.0.tgz. Extracting by manifest.
587 silly tarball no local data for @hapi/boom@https://registry.npmjs.org/@hapi/boom/-/boom-9.1.4.tgz. Extracting by manifest.
588 silly tarball no local data for protobufjs@https://registry.npmjs.org/protobufjs/-/protobufjs-7.6.1.tgz. Extracting by manifest.
589 silly tarball no local data for sharp@https://registry.npmjs.org/sharp/-/sharp-0.34.5.tgz. Extracting by manifest.
590 silly tarball no local data for @whiskeysockets/baileys@https://registry.npmjs.org/@whiskeysockets/baileys/-/baileys-7.0.0-rc13.tgz. Extracting by manifest.
591 silly tarball no local data for @cacheable/node-cache@https://registry.npmjs.org/@cacheable/node-cache/-/node-cache-1.7.6.tgz. Extracting by manifest.
592 silly tarball no local data for hookified@https://registry.npmjs.org/hookified/-/hookified-2.2.0.tgz. Extracting by manifest.
593 silly tarball no local data for thread-stream@https://registry.npmjs.org/thread-stream/-/thread-stream-3.1.0.tgz. Extracting by manifest.
594 silly tarball no local data for pino-abstract-transport@https://registry.npmjs.org/pino-abstract-transport/-/pino-abstract-transport-2.0.0.tgz. Extracting by manifest.
595 silly tarball no local data for pino@https://registry.npmjs.org/pino/-/pino-9.14.0.tgz. Extracting by manifest.
596 http fetch POST 200 https://registry.npmjs.org/-/npm/v1/security/advisories/bulk 1506ms
597 silly audit report {}
598 http fetch GET 200 https://registry.npmjs.org/ieee754/-/ieee754-1.2.1.tgz 1796ms (cache miss)
599 http fetch GET 200 https://registry.npmjs.org/p-timeout/-/p-timeout-7.0.1.tgz 1716ms (cache miss)
600 http fetch GET 200 https://registry.npmjs.org/detect-libc/-/detect-libc-2.1.2.tgz 1805ms (cache miss)
601 http fetch GET 200 https://registry.npmjs.org/@img/colour/-/colour-1.1.0.tgz 1803ms (cache miss)
602 http fetch GET 200 https://registry.npmjs.org/@protobufjs/codegen/-/codegen-2.0.5.tgz 1763ms (cache miss)
603 http fetch GET 200 https://registry.npmjs.org/@protobufjs/base64/-/base64-1.1.2.tgz 1788ms (cache miss)
604 http fetch GET 200 https://registry.npmjs.org/@protobufjs/aspromise/-/aspromise-1.1.2.tgz 2151ms (cache miss)
605 http fetch GET 200 https://registry.npmjs.org/win-guid/-/win-guid-0.2.1.tgz 2312ms (cache miss)
606 http fetch GET 200 https://registry.npmjs.org/uint8array-extras/-/uint8array-extras-1.5.0.tgz 2414ms (cache miss)
607 http fetch GET 200 https://registry.npmjs.org/@tokenizer/inflate/-/inflate-0.4.1.tgz 2446ms (cache miss)
608 http fetch GET 200 https://registry.npmjs.org/ms/-/ms-2.1.3.tgz 2652ms (cache miss)
609 http fetch GET 200 https://registry.npmjs.org/token-types/-/token-types-6.1.2.tgz 2753ms (cache miss)
610 http fetch GET 200 https://registry.npmjs.org/@protobufjs/path/-/path-1.1.2.tgz 3023ms (cache miss)
611 http fetch GET 200 https://registry.npmjs.org/media-typer/-/media-typer-1.1.0.tgz 3160ms (cache miss)
612 http fetch GET 200 https://registry.npmjs.org/@keyv/serialize/-/serialize-1.1.1.tgz 3146ms (cache miss)
613 http fetch GET 200 https://registry.npmjs.org/content-type/-/content-type-1.0.5.tgz 3264ms (cache miss)
614 http fetch GET 200 https://registry.npmjs.org/eventemitter3/-/eventemitter3-5.0.4.tgz 3378ms (cache miss)
615 http fetch GET 200 https://registry.npmjs.org/@tokenizer/token/-/token-0.3.0.tgz 3317ms (cache miss)
616 http fetch GET 200 https://registry.npmjs.org/debug/-/debug-4.4.3.tgz 3370ms (cache miss)
617 http fetch GET 200 https://registry.npmjs.org/@borewit/text-codec/-/text-codec-0.2.2.tgz 3369ms (cache miss)
618 http fetch GET 200 https://registry.npmjs.org/@protobufjs/float/-/float-1.0.2.tgz 3487ms (cache miss)
619 http fetch GET 200 https://registry.npmjs.org/@protobufjs/pool/-/pool-1.1.0.tgz 3507ms (cache miss)
620 http fetch GET 200 https://registry.npmjs.org/@protobufjs/eventemitter/-/eventemitter-1.1.1.tgz 3557ms (cache miss)
621 http fetch GET 200 https://registry.npmjs.org/file-type/-/file-type-21.3.4.tgz 3487ms (cache miss)
622 http fetch GET 200 https://registry.npmjs.org/curve25519-js/-/curve25519-js-0.0.4.tgz 3458ms (cache miss)
623 http fetch GET 200 https://registry.npmjs.org/@protobufjs/fetch/-/fetch-1.1.1.tgz 3605ms (cache miss)
624 http fetch GET 200 https://registry.npmjs.org/@cacheable/utils/-/utils-2.4.1.tgz 3625ms (cache miss)
625 http fetch GET 200 https://registry.npmjs.org/qified/-/qified-0.10.1.tgz 3662ms (cache miss)
626 http fetch GET 200 https://registry.npmjs.org/@hapi/hoek/-/hoek-9.3.0.tgz 3648ms (cache miss)
627 http fetch GET 200 https://registry.npmjs.org/@protobufjs/inquire/-/inquire-1.1.2.tgz 3957ms (cache miss)
628 http fetch GET 200 https://registry.npmjs.org/@hapi/boom/-/boom-9.1.4.tgz 3810ms (cache miss)
629 http fetch GET 200 https://registry.npmjs.org/long/-/long-5.3.2.tgz 4087ms (cache miss)
630 http fetch GET 200 https://registry.npmjs.org/undici-types/-/undici-types-7.24.6.tgz 4183ms (cache miss)
631 http fetch GET 200 https://registry.npmjs.org/@keyv/bigmap/-/bigmap-1.3.1.tgz 4016ms (cache miss)
632 http fetch GET 200 https://registry.npmjs.org/@protobufjs/utf8/-/utf8-1.1.1.tgz 4326ms (cache miss)
633 http fetch GET 200 https://registry.npmjs.org/p-queue/-/p-queue-9.3.0.tgz 4184ms (cache miss)
634 http fetch GET 200 https://registry.npmjs.org/@cacheable/memory/-/memory-2.0.9.tgz 4267ms (cache miss)
635 http fetch GET 200 https://registry.npmjs.org/tslib/-/tslib-2.8.1.tgz 4302ms (cache miss)
636 http fetch GET 200 https://registry.npmjs.org/keyv/-/keyv-5.6.0.tgz 4338ms (cache miss)
637 http fetch GET 200 https://registry.npmjs.org/cacheable/-/cacheable-2.3.5.tgz 4405ms (cache miss)
638 http fetch GET 200 https://registry.npmjs.org/ws/-/ws-8.21.0.tgz 4469ms (cache miss)
639 http fetch GET 200 https://registry.npmjs.org/pino-abstract-transport/-/pino-abstract-transport-2.0.0.tgz 4397ms (cache miss)
640 http fetch GET 200 https://registry.npmjs.org/libsignal/-/libsignal-6.0.0.tgz 4612ms (cache miss)
641 http fetch GET 200 https://registry.npmjs.org/hookified/-/hookified-1.15.1.tgz 4818ms (cache miss)
642 http fetch GET 200 https://registry.npmjs.org/@cacheable/node-cache/-/node-cache-1.7.6.tgz 4773ms (cache miss)
643 http fetch GET 200 https://registry.npmjs.org/async-mutex/-/async-mutex-0.5.0.tgz 4882ms (cache miss)
644 http fetch GET 200 https://registry.npmjs.org/hashery/-/hashery-1.5.1.tgz 4979ms (cache miss)
645 http fetch GET 200 https://registry.npmjs.org/strtok3/-/strtok3-10.3.5.tgz 5307ms (cache miss)
646 http fetch GET 200 https://registry.npmjs.org/semver/-/semver-7.8.1.tgz 5453ms (cache miss)
647 http fetch GET 200 https://registry.npmjs.org/sharp/-/sharp-0.34.5.tgz 5480ms (cache miss)
648 http fetch GET 200 https://registry.npmjs.org/hookified/-/hookified-2.2.0.tgz 5493ms (cache miss)
649 http fetch GET 200 https://registry.npmjs.org/whatsapp-rust-bridge/-/whatsapp-rust-bridge-0.5.4.tgz 5608ms (cache miss)
650 http fetch GET 200 https://registry.npmjs.org/thread-stream/-/thread-stream-3.1.0.tgz 5922ms (cache miss)
651 http fetch GET 200 https://registry.npmjs.org/@types/node/-/node-25.9.1.tgz 6427ms (cache miss)
652 http fetch GET 200 https://registry.npmjs.org/protobufjs/-/protobufjs-7.6.1.tgz 6704ms (cache miss)
653 http fetch GET 200 https://registry.npmjs.org/music-metadata/-/music-metadata-11.12.3.tgz 7583ms (cache miss)
654 http fetch GET 200 https://registry.npmjs.org/lru-cache/-/lru-cache-11.5.1.tgz 7908ms (cache miss)
655 http fetch GET 200 https://registry.npmjs.org/pino/-/pino-9.14.0.tgz 7968ms (cache miss)
656 http fetch GET 200 https://registry.npmjs.org/@whiskeysockets/baileys/-/baileys-7.0.0-rc13.tgz 8624ms (cache miss)
657 info run @whiskeysockets/baileys@7.0.0-rc13 preinstall node_modules/@whiskeysockets/baileys node ./engine-requirements.js
658 info run @whiskeysockets/baileys@7.0.0-rc13 preinstall { code: 0, signal: null }
659 info run sharp@0.34.5 install node_modules/sharp node install/check.js || npm run build
660 info run sharp@0.34.5 install { code: 0, signal: null }
661 info run protobufjs@7.6.1 postinstall node_modules/protobufjs node scripts/postinstall
662 info run protobufjs@7.6.1 postinstall { code: 0, signal: null }
663 silly ADD node_modules/ieee754
664 silly ADD node_modules/semver
665 silly ADD node_modules/detect-libc
666 silly ADD node_modules/@img/colour
667 silly ADD node_modules/undici-types
668 silly ADD node_modules/long
669 silly ADD node_modules/@types/node
670 silly ADD node_modules/@protobufjs/utf8
671 silly ADD node_modules/@protobufjs/pool
672 silly ADD node_modules/@protobufjs/path
673 silly ADD node_modules/@protobufjs/inquire
674 silly ADD node_modules/@protobufjs/float
675 silly ADD node_modules/@protobufjs/fetch
676 silly ADD node_modules/@protobufjs/eventemitter
677 silly ADD node_modules/@protobufjs/codegen
678 silly ADD node_modules/@protobufjs/base64
679 silly ADD node_modules/@protobufjs/aspromise
680 silly ADD node_modules/p-timeout
681 silly ADD node_modules/eventemitter3
682 silly ADD node_modules/@tokenizer/inflate
683 silly ADD node_modules/ms
684 silly ADD node_modules/win-guid
685 silly ADD node_modules/uint8array-extras
686 silly ADD node_modules/token-types
687 silly ADD node_modules/strtok3
688 silly ADD node_modules/media-typer
689 silly ADD node_modules/file-type
690 silly ADD node_modules/debug
691 silly ADD node_modules/content-type
692 silly ADD node_modules/@tokenizer/token
693 silly ADD node_modules/@borewit/text-codec
694 silly ADD node_modules/curve25519-js
695 silly ADD node_modules/@keyv/serialize
696 silly ADD node_modules/hashery
697 silly ADD node_modules/@keyv/bigmap
698 silly ADD node_modules/qified
699 silly ADD node_modules/qified/node_modules/hookified
700 silly ADD node_modules/@cacheable/utils
701 silly ADD node_modules/@cacheable/memory
702 silly ADD node_modules/tslib
703 silly ADD node_modules/@hapi/hoek
704 silly ADD node_modules/keyv
705 silly ADD node_modules/hookified
706 silly ADD node_modules/cacheable
707 silly ADD node_modules/ws
708 silly ADD node_modules/whatsapp-rust-bridge
709 silly ADD node_modules/protobufjs
710 silly ADD node_modules/p-queue
711 silly ADD node_modules/music-metadata
712 silly ADD node_modules/lru-cache
713 silly ADD node_modules/libsignal
714 silly ADD node_modules/async-mutex
715 silly ADD node_modules/@hapi/boom
716 silly ADD node_modules/@cacheable/node-cache
717 silly ADD node_modules/sharp
718 silly ADD node_modules/@whiskeysockets/baileys
719 silly ADD node_modules/@whiskeysockets/baileys/node_modules/thread-stream
720 silly ADD node_modules/@whiskeysockets/baileys/node_modules/pino-abstract-transport
721 silly ADD node_modules/@whiskeysockets/baileys/node_modules/pino
722 warn allow-scripts 3 packages have install scripts not yet covered by allowScripts:
722 warn allow-scripts   @whiskeysockets/baileys@7.0.0-rc13 (preinstall: node ./engine-requirements.js)
722 warn allow-scripts   sharp@0.34.5 (install: node install/check.js || npm run build)
722 warn allow-scripts   protobufjs@7.6.1 (postinstall: node scripts/postinstall)
722 warn allow-scripts
722 warn allow-scripts Run `npm approve-scripts --allow-scripts-pending` to review, or `npm approve-scripts <pkg>` to allow.
723 verbose cwd /data/data/com.termux/files/home/bot-wa
724 verbose os Linux 4.19.188-00192-g1875eefaffa-dirty-ab1275
725 verbose node v26.2.0
726 verbose npm  v11.16.0
727 verbose exit 0
728 info ok
